// Vitest Snapshot v1, https://vitest.dev/guide/snapshot.html

exports[`calc lines score 1`] = `
[
  {
    "beginTime": 23.68,
    "content": "塞纳河畔左岸的咖啡",
    "duration": 2.2910000000000004,
    "score": 99,
    "tones": [
      {
        "beginTime": 23.68,
        "duration": 0.1529999999999987,
        "lang": "1",
        "pitch": 248,
        "pronounce": "",
        "scores": [
          99.65060862717586,
        ],
        "word": "塞",
      },
      {
        "beginTime": 23.833,
        "duration": 0.15300000000000225,
        "lang": "1",
        "pitch": 244,
        "pronounce": "",
        "scores": [
          99.71595831880833,
        ],
        "word": "纳",
      },
      {
        "beginTime": 23.986,
        "duration": 0.1529999999999987,
        "lang": "1",
        "pitch": 244,
        "pronounce": "",
        "scores": [
          99.78701244081006,
        ],
        "word": "河",
      },
      {
        "beginTime": 24.139,
        "duration": 0.3049999999999997,
        "lang": "1",
        "pitch": 245,
        "pronounce": "",
        "scores": [
          99.85861708807829,
        ],
        "word": "畔",
      },
      {
        "beginTime": 24.444,
        "duration": 0.15300000000000225,
        "lang": "1",
        "pitch": 252,
        "pronounce": "",
        "scores": [
          99.93128661663545,
        ],
        "word": "左",
      },
      {
        "beginTime": 24.597,
        "duration": 0.1529999999999987,
        "lang": "1",
        "pitch": 243,
        "pronounce": "",
        "scores": [
          100,
        ],
        "word": "岸",
      },
      {
        "beginTime": 24.75,
        "duration": 0.20400000000000063,
        "lang": "1",
        "pitch": 242,
        "pronounce": "",
        "scores": [
          100,
        ],
        "word": "的",
      },
      {
        "beginTime": 24.954,
        "duration": 0.661999999999999,
        "lang": "1",
        "pitch": 246,
        "pronounce": "",
        "scores": [
          100,
        ],
        "word": "咖",
      },
      {
        "beginTime": 25.616,
        "duration": 0.3550000000000004,
        "lang": "1",
        "pitch": 234,
        "pronounce": "",
        "scores": [
          100,
        ],
        "word": "啡",
      },
    ],
  },
  {
    "beginTime": 26.181,
    "content": "我手一杯品尝你的美",
    "duration": 2.6400000000000006,
    "score": 100,
    "tones": [
      {
        "beginTime": 26.181,
        "duration": 0.14699999999999847,
        "lang": "1",
        "pitch": 231,
        "pronounce": "",
        "scores": [
          100,
        ],
        "word": "我",
      },
      {
        "beginTime": 26.328,
        "duration": 0.2029999999999994,
        "lang": "1",
        "pitch": 232,
        "pronounce": "",
        "scores": [
          100,
        ],
        "word": "手",
      },
      {
        "beginTime": 26.531,
        "duration": 0.15300000000000225,
        "lang": "1",
        "pitch": 229,
        "pronounce": "",
        "scores": [
          100,
        ],
        "word": "一",
      },
      {
        "beginTime": 26.684,
        "duration": 0.4569999999999972,
        "lang": "1",
        "pitch": 232,
        "pronounce": "",
        "scores": [
          100,
        ],
        "word": "杯",
      },
      {
        "beginTime": 27.141,
        "duration": 0.15200000000000102,
        "lang": "1",
        "pitch": 205,
        "pronounce": "",
        "scores": [
          100,
        ],
        "word": "品",
      },
      {
        "beginTime": 27.293,
        "duration": 0.15300000000000225,
        "lang": "1",
        "pitch": 230,
        "pronounce": "",
        "scores": [
          100,
        ],
        "word": "尝",
      },
      {
        "beginTime": 27.446,
        "duration": 0.20399999999999707,
        "lang": "1",
        "pitch": 219,
        "pronounce": "",
        "scores": [
          100,
        ],
        "word": "你",
      },
      {
        "beginTime": 27.65,
        "duration": 0.30600000000000094,
        "lang": "1",
        "pitch": 230,
        "pronounce": "",
        "scores": [
          100,
        ],
        "word": "的",
      },
      {
        "beginTime": 28.31,
        "duration": 0.5110000000000028,
        "lang": "1",
        "pitch": 235,
        "pronounce": "",
        "scores": [
          100,
        ],
        "word": "美",
      },
    ],
  },
  {
    "beginTime": 29.278,
    "content": "留下唇印的嘴",
    "duration": 2.596,
    "score": 100,
    "tones": [
      {
        "beginTime": 29.278,
        "duration": 0.30600000000000094,
        "lang": "1",
        "pitch": 240,
        "pronounce": "",
        "scores": [
          100,
        ],
        "word": "留",
      },
      {
        "beginTime": 29.584,
        "duration": 0.35800000000000054,
        "lang": "1",
        "pitch": 236,
        "pronounce": "",
        "scores": [
          100,
        ],
        "word": "下",
      },
      {
        "beginTime": 29.942,
        "duration": 0.3559999999999981,
        "lang": "1",
        "pitch": 299,
        "pronounce": "",
        "scores": [
          100,
        ],
        "word": "唇",
      },
      {
        "beginTime": 30.298,
        "duration": 0.30400000000000205,
        "lang": "1",
        "pitch": 284,
        "pronounce": "",
        "scores": [
          100,
        ],
        "word": "印",
      },
      {
        "beginTime": 30.602,
        "duration": 0.3559999999999981,
        "lang": "1",
        "pitch": 243,
        "pronounce": "",
        "scores": [
          100,
        ],
        "word": "的",
      },
      {
        "beginTime": 30.958,
        "duration": 0.9160000000000004,
        "lang": "1",
        "pitch": 322,
        "pronounce": "",
        "scores": [
          100,
        ],
        "word": "嘴",
      },
    ],
  },
  {
    "beginTime": 34.049,
    "content": "花店玫瑰名字写错谁",
    "duration": 2.6510000000000034,
    "score": 100,
    "tones": [
      {
        "beginTime": 34.049,
        "duration": 0.15200000000000102,
        "lang": "1",
        "pitch": 244,
        "pronounce": "",
        "scores": [
          100,
        ],
        "word": "花",
      },
      {
        "beginTime": 34.201,
        "duration": 0.1529999999999987,
        "lang": "1",
        "pitch": 238,
        "pronounce": "",
        "scores": [
          100,
        ],
        "word": "店",
      },
      {
        "beginTime": 34.354,
        "duration": 0.2049999999999983,
        "lang": "1",
        "pitch": 242,
        "pronounce": "",
        "scores": [
          100,
        ],
        "word": "玫",
      },
      {
        "beginTime": 34.559,
        "duration": 0.35600000000000165,
        "lang": "1",
        "pitch": 243,
        "pronounce": "",
        "scores": [
          100,
        ],
        "word": "瑰",
      },
      {
        "beginTime": 35.22,
        "duration": 0.15400000000000347,
        "lang": "1",
        "pitch": 233,
        "pronounce": "",
        "scores": [
          100,
        ],
        "word": "名",
      },
      {
        "beginTime": 35.374,
        "duration": 0.10099999999999909,
        "lang": "1",
        "pitch": 244,
        "pronounce": "",
        "scores": [
          100,
        ],
        "word": "字",
      },
      {
        "beginTime": 35.475,
        "duration": 0.1529999999999987,
        "lang": "1",
        "pitch": 234,
        "pronounce": "",
        "scores": [
          100,
        ],
        "word": "写",
      },
      {
        "beginTime": 35.628,
        "duration": 0.509999999999998,
        "lang": "1",
        "pitch": 241,
        "pronounce": "",
        "scores": [
          100,
        ],
        "word": "错",
      },
      {
        "beginTime": 36.138,
        "duration": 0.5620000000000047,
        "lang": "1",
        "pitch": 264,
        "pronounce": "",
        "scores": [
          100,
        ],
        "word": "谁",
      },
    ],
  },
  {
    "beginTime": 36.7,
    "content": "告白气球风吹到对街",
    "duration": 2.7979999999999947,
    "score": 100,
    "tones": [
      {
        "beginTime": 36.7,
        "duration": 0.10199999999999676,
        "lang": "1",
        "pitch": 279,
        "pronounce": "",
        "scores": [
          100,
        ],
        "word": "告",
      },
      {
        "beginTime": 36.802,
        "duration": 0.1529999999999987,
        "lang": "1",
        "pitch": 238,
        "pronounce": "",
        "scores": [
          100,
        ],
        "word": "白",
      },
      {
        "beginTime": 36.955,
        "duration": 0.20300000000000296,
        "lang": "1",
        "pitch": 231,
        "pronounce": "",
        "scores": [
          100,
        ],
        "word": "气",
      },
      {
        "beginTime": 37.158,
        "duration": 0.357999999999997,
        "lang": "1",
        "pitch": 229,
        "pronounce": "",
        "scores": [
          100,
        ],
        "word": "球",
      },
      {
        "beginTime": 37.769,
        "duration": 0.1529999999999987,
        "lang": "1",
        "pitch": 207,
        "pronounce": "",
        "scores": [
          100,
        ],
        "word": "风",
      },
      {
        "beginTime": 37.922,
        "duration": 0.15200000000000102,
        "lang": "1",
        "pitch": 224,
        "pronounce": "",
        "scores": [
          100,
        ],
        "word": "吹",
      },
      {
        "beginTime": 38.074,
        "duration": 0.1529999999999987,
        "lang": "1",
        "pitch": 225,
        "pronounce": "",
        "scores": [
          100,
        ],
        "word": "到",
      },
      {
        "beginTime": 38.227,
        "duration": 0.6090000000000018,
        "lang": "1",
        "pitch": 238,
        "pronounce": "",
        "scores": [
          100,
        ],
        "word": "对",
      },
      {
        "beginTime": 38.836,
        "duration": 0.661999999999999,
        "lang": "1",
        "pitch": 235,
        "pronounce": "",
        "scores": [
          100,
        ],
        "word": "街",
      },
    ],
  },
]
`;
